// Vitest Snapshot v1, https://vitest.dev/guide/snapshot.html

exports[`add > should work 1`] = `
"/* eslint-disable */
/* prettier-ignore */
// @ts-nocheck
// biome-ignore lint: disable
// Generated by fnclip

//#region src/functions/object/get/index.ts
/**
* @example
*
* \`\`\`js
* get({ friends: [{ name: 'me' }] }, 'friends[0].name') // -> 'me'
* get([{hello: 'world'}], '[0].hello') // -> 'world'
* \`\`\`
*
* @see {@link https://s3xysteak.github.io/fnclip/functions/object/get/}
*/
function get(value, path, defaultValue) {
	const segments = path.split(/[.[\\]]/g);
	let current = value;
	for (const key of segments) {
		if (current === null) return defaultValue;
		if (current === void 0) return defaultValue;
		const deQuoted = key.replace(/['"]/g, "");
		if (deQuoted.trim() === "") continue;
		current = current[deQuoted];
	}
	if (current === void 0) return defaultValue;
	return current;
}

//#endregion
export { get };"
`;
